I'm sorry, but errors were detected in your script. Please correct the
errors listed below, and try again.


File "game/script.rpy", line 126: invalid syntax
    jump intro_start
                    ^
    

Ren'Py Version: Ren'Py 7.3.2.320
Mon Aug 26 21:06:51 2019
